
******************************************************************************
This program contains Ipopt, a library for large-scale nonlinear optimization.
 Ipopt is released as open source code under the Eclipse Public License (EPL).
         For more information visit http://projects.coin-or.org/Ipopt
******************************************************************************

NOTE: You are using Ipopt by default with the MUMPS linear solver.
      Other linear solvers might be more efficient (see Ipopt documentation).


This is Ipopt version 3.11.2, running with linear solver mumps.

Number of nonzeros in equality constraint Jacobian...:    25786
Number of nonzeros in inequality constraint Jacobian.:        0
Number of nonzeros in Lagrangian Hessian.............:        0

Total number of variables............................:     3200
                     variables with only lower bounds:        0
                variables with lower and upper bounds:     3200
                     variables with only upper bounds:        0
Total number of equality constraints.................:     3100
Total number of inequality constraints...............:        0
        inequality constraints with only lower bounds:        0
   inequality constraints with lower and upper bounds:        0
        inequality constraints with only upper bounds:        0

iter    objective    inf_pr   inf_du lg(mu)  ||d||  lg(rg) alpha_du alpha_pr  ls
   0 -1.8100000e+001 1.57e+006 1.00e-002   0.0 0.00e+000    -  0.00e+000 0.00e+000   0
   1 -1.8159213e+001 1.57e+006 1.11e+004   8.8 1.39e+011    -  2.33e-012 8.50e-011f  1
   2 -1.9689553e+001 1.57e+006 1.12e+004   5.8 2.68e+006    -  9.64e-006 1.97e-006f  1
   3 -2.1193652e+001 1.57e+006 1.80e+005   5.8 1.33e+005    -  1.51e-004 3.55e-005f  1
   4 -2.1418195e+001 1.57e+006 1.44e+009   5.8 2.50e+004    -  9.90e-001 2.73e-004f  1
   5 -2.0968125e+001 1.53e+006 1.15e+011   7.7 1.69e+002    -  9.90e-001 2.36e-002f  1
   6 -1.6874548e+001 1.11e+006 1.14e+012   8.8 4.79e+001    -  1.00e+000 2.75e-001f  1
   7 -1.7270812e+001 1.03e+006 4.69e+013  10.2 2.75e+002    -  9.48e-001 7.26e-002f  1
   8 -1.3442668e+001 6.78e+005 1.74e+014  10.9 5.83e+001    -  1.00e+000 3.41e-001f  1
   9 -1.2564214e+001 3.73e+005 8.95e+014  11.6 3.53e+001    -  1.00e+000 4.49e-001f  1
iter    objective    inf_pr   inf_du lg(mu)  ||d||  lg(rg) alpha_du alpha_pr  ls
  10 -1.1444115e+001 2.06e+005 3.31e+015  12.1 3.33e+001    -  1.00e+000 4.49e-001f  1
  11 -1.0267886e+001 8.42e+003 3.07e+014  12.4 1.35e+001    -  1.00e+000 1.00e+000f  1
  12 -1.0469428e+001 6.06e+002 1.81e+014  12.4 5.47e+000    -  8.69e-001 1.00e+000f  1
  13 -1.0932460e+001 1.82e+001 8.78e+012  11.8 8.98e-001    -  1.00e+000 1.00e+000f  1
  14 -1.1113462e+001 6.47e+000 1.03e+014  10.7 2.53e-001    -  9.71e-001 1.00e+000f  1
  15 -1.1261925e+001 3.12e+000 3.44e+011   9.9 3.39e-001    -  1.00e+000 1.00e+000f  1
  16 -1.1480168e+001 1.59e+000 1.11e+011   9.0 4.47e-001    -  9.97e-001 1.00e+000f  1
  17 -1.1609411e+001 7.34e-001 1.09e+010   7.8 2.41e-001    -  1.00e+000 1.00e+000f  1
  18 -1.1629432e+001 3.36e-002 1.64e+008   6.3 1.20e-001    -  1.00e+000 1.00e+000f  1
  19 -1.1630160e+001 2.03e-002 2.77e+003   4.4 3.61e-003    -  1.00e+000 1.00e+000f  1
iter    objective    inf_pr   inf_du lg(mu)  ||d||  lg(rg) alpha_du alpha_pr  ls
  20 -1.1630160e+001 4.57e-002 2.77e+001  -1.6 1.62e-007    -  9.90e-001 1.00e+000h  1
  21 -1.1630564e+001 1.40e-004 3.26e+001   2.3 3.26e-003   4.0 1.00e+000 1.00e+000f  1
  22 -1.1630535e+001 5.74e+002 2.38e+003  -3.7 5.55e-003   4.9 8.42e-001 8.42e-001s 22
  23 -1.1630407e+001 2.67e-002 5.05e+006   1.4 4.63e-003   4.4 1.85e-001 1.00e+000f  1
  24 -1.1653103e+001 6.93e-003 3.34e+000   0.7 2.29e-001    -  1.00e+000 1.00e+000f  1
  25 -1.1660480e+001 1.50e-004 9.12e-003  -5.3 8.86e-003    -  9.89e-001 1.00e+000h  1
  26 -1.4891067e+001 1.34e+001 1.46e+002  -7.3 9.96e+000    -  5.48e-001 1.00e+000f  1
  27 -1.6442140e+001 1.04e+001 3.29e+001  -2.0 1.63e+001    -  1.00e+000 3.80e-001f  1
  28 -1.5971667e+001 4.84e+000 7.29e+001  -1.5 4.12e+000    -  1.00e+000 5.00e-001f  2
  29 -1.6037971e+001 4.03e+000 6.89e+001  -1.9 1.32e+002    -  7.24e-002 1.50e-001h  1
iter    objective    inf_pr   inf_du lg(mu)  ||d||  lg(rg) alpha_du alpha_pr  ls
  30 -1.6244480e+001 1.05e+000 2.54e+000  -1.9 9.19e+000    -  9.14e-001 6.81e-001f  1
  31 -1.6338204e+001 3.02e+000 2.48e+000  -2.0 2.01e+001    -  9.51e-001 1.00e+000f  1
  32 -1.6526978e+001 1.22e+000 7.97e-002  -2.1 6.78e+000    -  1.00e+000 1.00e+000h  1
  33 -1.6526913e+001 1.38e-003 4.66e+001  -3.4 5.84e-003   3.9 9.97e-001 1.00e+000h  1
  34 -1.6526916e+001 1.29e-004 9.42e-003  -5.5 1.02e-004   3.4 1.00e+000 1.00e+000h  1
  35 -1.6526927e+001 1.60e-004 9.43e-003 -11.0 1.07e-005   2.9 1.00e+000 1.00e+000h  1
  36 -1.6536310e+001 1.41e-004 9.43e-003 -11.0 9.43e-003    -  1.00e+000 1.00e+000f  1
  37 -1.6536342e+001 1.53e-004 9.43e-003 -11.0 3.20e-005   2.5 1.00e+000 1.00e+000h  1
  38 -1.6536438e+001 1.34e-004 9.43e-003 -11.0 9.67e-005   2.0 1.00e+000 1.00e+000f  1
  39 -1.6536727e+001 1.36e-004 9.43e-003 -11.0 2.90e-004   1.5 1.00e+000 1.00e+000f  1
iter    objective    inf_pr   inf_du lg(mu)  ||d||  lg(rg) alpha_du alpha_pr  ls
  40 -1.6537593e+001 1.53e-004 9.43e-003  -9.1 8.70e-004   1.0 1.00e+000 1.00e+000f  1
  41 -1.6540190e+001 1.49e-004 9.43e-003 -11.0 2.61e-003   0.6 1.00e+000 1.00e+000f  1
  42 -1.6547980e+001 1.55e-004 9.43e-003 -11.0 7.83e-003   0.1 1.00e+000 1.00e+000f  1
  43 -1.6564722e+001 3.13e-004 9.43e-003 -11.0 2.35e-002  -0.4 1.00e+000 7.16e-001f  1
  44 -1.6564722e+001 3.13e-004 3.64e-001 -11.0 7.04e-002  -0.9 1.00e+000 6.11e-008h  1
  45 -1.6571708e+001 6.46e-004 5.30e+000 -11.0 7.21e-001  -1.4 1.00e+000 1.82e-001f  1
  46 -1.6571708e+001 6.46e-004 3.45e+000 -11.0 1.54e+000  -1.8 1.00e+000 1.93e-007h  1
  47 -1.6588230e+001 4.45e-003 3.15e+000 -11.0 3.44e+000  -2.3 1.00e+000 1.15e-001f  1
  48 -1.6588230e+001 4.45e-003 3.19e+000 -10.2 1.72e-002    -  1.00e+000 1.84e-004h  1
  49 -1.6588492e+001 1.61e-004 1.27e-002 -11.0 1.27e-002    -  1.00e+000 1.00e+000h  1
iter    objective    inf_pr   inf_du lg(mu)  ||d||  lg(rg) alpha_du alpha_pr  ls
  50 -1.6588869e+001 1.45e-004 1.17e-002 -11.0 1.17e-002    -  1.00e+000 1.00e+000f  1
  51 -1.6589246e+001 1.50e-004 1.17e-002 -11.0 1.17e-002    -  1.00e+000 1.00e+000f  1
  52 -1.6589623e+001 1.78e-004 1.17e-002 -11.0 1.17e-002    -  1.00e+000 1.00e+000f  1
  53 -1.6590000e+001 1.73e-004 1.17e-002 -11.0 1.17e-002    -  1.00e+000 1.00e+000f  1
  54 -1.6590377e+001 1.45e-004 1.17e-002 -11.0 1.17e-002    -  1.00e+000 1.00e+000f  1
  55 -1.6590754e+001 1.38e-004 1.17e-002 -11.0 1.17e-002    -  1.00e+000 1.00e+000f  1
  56 -1.6591132e+001 1.47e-004 1.17e-002 -11.0 1.17e-002    -  1.00e+000 1.00e+000f  1
  57 -1.6591509e+001 1.19e-004 1.17e-002 -11.0 1.17e-002    -  1.00e+000 1.00e+000f  1
  58 -1.6591886e+001 1.66e-004 1.17e-002 -11.0 1.17e-002    -  1.00e+000 1.00e+000f  1
  59 -1.6592263e+001 1.61e-004 1.17e-002 -11.0 1.17e-002    -  1.00e+000 1.00e+000f  1
iter    objective    inf_pr   inf_du lg(mu)  ||d||  lg(rg) alpha_du alpha_pr  ls
  60 -1.6592641e+001 1.61e-004 1.17e-002 -11.0 1.17e-002    -  1.00e+000 1.00e+000f  1
  61 -1.6593018e+001 1.58e-004 1.17e-002 -11.0 1.17e-002    -  1.00e+000 1.00e+000f  1
  62 -1.6593395e+001 1.55e-004 1.17e-002 -11.0 1.17e-002    -  1.00e+000 1.00e+000f  1
  63 -1.6593773e+001 1.56e-004 1.17e-002 -11.0 1.17e-002    -  1.00e+000 1.00e+000f  1

Number of Iterations....: 63

                                   (scaled)                 (unscaled)
Objective...............: -1.6593772717924146e+001  -1.6593772717924146e+001
Dual infeasibility......:  1.1704815098234575e-002   1.1704815098234575e-002
Constraint violation....:  2.4925457930285999e-009   1.5620907652191818e-004
Complementarity.........:  1.0000529288877041e-011   1.0000529288877041e-011
Overall NLP error.......:  4.7221722297965804e-007   1.1704815098234575e-002


Number of objective function evaluations             = 90
Number of objective gradient evaluations             = 64
Number of equality constraint evaluations            = 90
Number of inequality constraint evaluations          = 0
Number of equality constraint Jacobian evaluations   = 64
Number of inequality constraint Jacobian evaluations = 0
Number of Lagrangian Hessian evaluations             = 0
Total CPU secs in IPOPT (w/o function evaluations)   =      4.272
Total CPU secs in NLP function evaluations           =      0.933

EXIT: Solved To Acceptable Level.
